// Jest Snapshot v1, https://goo.gl/fbAQLP

exports[`Checklist should render correctly with no props 1`] = `
<StyledComponent
  forwardedComponent={
    Object {
      "$$typeof": Symbol(react.forward_ref),
      "attrs": Array [],
      "componentStyle": ComponentStyle {
        "componentId": "sc-bdVaJa",
        "isStatic": true,
        "rules": Array [
          "
text-align: center;
font-size: 1.5em;
margin-bottom: 3px;
display: inline-block;
width: 24.9%;
height: 100%;
vertical-align: bottom;
overflow: hidden;

a {
  color: black;
  text-decoration: none;
}

.logoholder {
  border-radius: 50px 0px 0px 0px;
  background-color: white;
  padding-top: 10px;
  padding-right: 30px;
  text-align: right;
}

.links {
  height: 5%;
  background-color: white;
  padding-right: 47px;
  text-align: right;
  font-size: 0.5em;
}

img {
  width: 67%;
}

.topBuffer {
  height: 50%;
}

.trueResult{
  vertical-align: middle;
  color: green;
  height: 33%;
}

.noResult {
  vertical-align: middle;
  height: 33%;
}

.falseResult{
  background-color: black;
  vertical-align: middle;
  color: red;
  height: 33%;
  background-image: url('https://d1j8pt39hxlh3d.cloudfront.net/uploads/party_face_256_1.gif')
}

.listHolder {
  height: 50%;
}
  li {

    padding-top: 25px;
    font-family: \\"Lucida Sans Unicode\\", \\"Lucida Grande\\", sans-serif;
    list-style: none;
  }

  li.false {
    color: #ff0066;
  }
  li.true {
    color: #00ff99;
    opacity: 0.8;
  }

  i {
    margin-right: 10px;
    font-size: 80%;
    font-size: 200%;
    vertical-align: middle;
  }
",
        ],
      },
      "displayName": "Styled(Checklist)",
      "foldedComponentIds": Array [],
      "render": [Function],
      "styledComponentId": "sc-bdVaJa",
      "target": [Function],
      "toString": [Function],
      "warnTooManyClasses": [Function],
      "withComponent": [Function],
      Symbol(Symbol.hasInstance): [Function],
    }
  }
  forwardedRef={null}
/>
`;
