// Jest Snapshot v1, https://goo.gl/fbAQLP

exports[`Checklist should render correctly with no props 1`] = `
<StyledComponent
  forwardedComponent={
    Object {
      "$$typeof": Symbol(react.forward_ref),
      "attrs": Array [],
      "componentStyle": ComponentStyle {
        "componentId": "sc-bdVaJa",
        "isStatic": true,
        "rules": Array [
          "
margin-bottom: 3px;
padding: 0px;
display: inline-block;
width: 24.9%;
height: 100%;
background-color: pink;
vertical-align: bottom;
overflow: hidden;

  li {
    padding-top: 15px;
    font-family: \\"Lucida Sans Unicode\\", \\"Lucida Grande\\", sans-serif;
  }

  li.false {
    color: #ff0066;
  }
  li.true {
    color: #00ff99;
    opacity: 0.8;
  }
",
        ],
      },
      "displayName": "Styled(Checklist)",
      "foldedComponentIds": Array [],
      "render": [Function],
      "styledComponentId": "sc-bdVaJa",
      "target": [Function],
      "toString": [Function],
      "warnTooManyClasses": [Function],
      "withComponent": [Function],
      Symbol(Symbol.hasInstance): [Function],
    }
  }
  forwardedRef={null}
/>
`;
